Archive member included because of file (symbol)

c:/winavr-20100110/bin/../lib/gcc/avr/4.3.3/avr51\libgcc.a(_udivmodhi4.o)
                              Final_Project.o (__udivmodhi4)
c:/winavr-20100110/bin/../lib/gcc/avr/4.3.3/avr51\libgcc.a(_clear_bss.o)
                              Final_Project.o (__do_clear_bss)

Allocating common symbols
Common symbol       size              file

TimeArray           0x7a              Final_Project.o
APM                 0x1               Final_Project.o
hour                0x2               Final_Project.o
min                 0x2               Final_Project.o
sec                 0x2               Final_Project.o

Memory Configuration

Name             Origin             Length             Attributes
text             0x00000000         0x00020000         xr
data             0x00800060         0x0000ffa0         rw !x
eeprom           0x00810000         0x00010000         rw !x
fuse             0x00820000         0x00000400         rw !x
lock             0x00830000         0x00000400         rw !x
signature        0x00840000         0x00000400         rw !x
*default*        0x00000000         0xffffffff

Linker script and memory map

Address of section .data set to 0x800100
LOAD c:/winavr-20100110/bin/../lib/gcc/avr/4.3.3/../../../../avr/lib/avr51/crtm128.o
LOAD Final_Project.o
LOAD c:/winavr-20100110/bin/../lib/gcc/avr/4.3.3/avr51\libgcc.a
LOAD c:/winavr-20100110/bin/../lib/gcc/avr/4.3.3/../../../../avr/lib/avr51\libc.a
LOAD c:/winavr-20100110/bin/../lib/gcc/avr/4.3.3/avr51\libgcc.a

.hash
 *(.hash)

.dynsym
 *(.dynsym)

.dynstr
 *(.dynstr)

.gnu.version
 *(.gnu.version)

.gnu.version_d
 *(.gnu.version_d)

.gnu.version_r
 *(.gnu.version_r)

.rel.init
 *(.rel.init)

.rela.init
 *(.rela.init)

.rel.text
 *(.rel.text)
 *(.rel.text.*)
 *(.rel.gnu.linkonce.t*)

.rela.text
 *(.rela.text)
 *(.rela.text.*)
 *(.rela.gnu.linkonce.t*)

.rel.fini
 *(.rel.fini)

.rela.fini
 *(.rela.fini)

.rel.rodata
 *(.rel.rodata)
 *(.rel.rodata.*)
 *(.rel.gnu.linkonce.r*)

.rela.rodata
 *(.rela.rodata)
 *(.rela.rodata.*)
 *(.rela.gnu.linkonce.r*)

.rel.data
 *(.rel.data)
 *(.rel.data.*)
 *(.rel.gnu.linkonce.d*)

.rela.data
 *(.rela.data)
 *(.rela.data.*)
 *(.rela.gnu.linkonce.d*)

.rel.ctors
 *(.rel.ctors)

.rela.ctors
 *(.rela.ctors)

.rel.dtors
 *(.rel.dtors)

.rela.dtors
 *(.rela.dtors)

.rel.got
 *(.rel.got)

.rela.got
 *(.rela.got)

.rel.bss
 *(.rel.bss)

.rela.bss
 *(.rela.bss)

.rel.plt
 *(.rel.plt)

.rela.plt
 *(.rela.plt)

.text           0x00000000     0x101c
 *(.vectors)
 .vectors       0x00000000       0x8c c:/winavr-20100110/bin/../lib/gcc/avr/4.3.3/../../../../avr/lib/avr51/crtm128.o
                0x00000000                __vectors
                0x00000000                __vector_default
 *(.vectors)
 *(.progmem.gcc*)
 *(.progmem*)
                0x0000008c                . = ALIGN (0x2)
                0x0000008c                __trampolines_start = .
 *(.trampolines)
 .trampolines   0x0000008c        0x0 linker stubs
 *(.trampolines*)
                0x0000008c                __trampolines_end = .
 *(.jumptables)
 *(.jumptables*)
 *(.lowtext)
 *(.lowtext*)
                0x0000008c                __ctors_start = .
 *(.ctors)
                0x0000008c                __ctors_end = .
                0x0000008c                __dtors_start = .
 *(.dtors)
                0x0000008c                __dtors_end = .
 SORT(*)(.ctors)
 SORT(*)(.dtors)
 *(.init0)
 .init0         0x0000008c        0x0 c:/winavr-20100110/bin/../lib/gcc/avr/4.3.3/../../../../avr/lib/avr51/crtm128.o
                0x0000008c                __init
 *(.init0)
 *(.init1)
 *(.init1)
 *(.init2)
 .init2         0x0000008c        0xc c:/winavr-20100110/bin/../lib/gcc/avr/4.3.3/../../../../avr/lib/avr51/crtm128.o
 *(.init2)
 *(.init3)
 *(.init3)
 *(.init4)
 .init4         0x00000098       0x1a c:/winavr-20100110/bin/../lib/gcc/avr/4.3.3/../../../../avr/lib/avr51/crtm128.o
                0x00000098                __do_copy_data
 .init4         0x000000b2       0x10 c:/winavr-20100110/bin/../lib/gcc/avr/4.3.3/avr51\libgcc.a(_clear_bss.o)
                0x000000b2                __do_clear_bss
 *(.init4)
 *(.init5)
 *(.init5)
 *(.init6)
 *(.init6)
 *(.init7)
 *(.init7)
 *(.init8)
 *(.init8)
 *(.init9)
 .init9         0x000000c2        0x8 c:/winavr-20100110/bin/../lib/gcc/avr/4.3.3/../../../../avr/lib/avr51/crtm128.o
 *(.init9)
 *(.text)
 .text          0x000000ca        0x4 c:/winavr-20100110/bin/../lib/gcc/avr/4.3.3/../../../../avr/lib/avr51/crtm128.o
                0x000000ca                __vector_22
                0x000000ca                __vector_28
                0x000000ca                __vector_32
                0x000000ca                __vector_34
                0x000000ca                __vector_24
                0x000000ca                __bad_interrupt
                0x000000ca                __vector_6
                0x000000ca                __vector_31
                0x000000ca                __vector_3
                0x000000ca                __vector_23
                0x000000ca                __vector_30
                0x000000ca                __vector_25
                0x000000ca                __vector_11
                0x000000ca                __vector_13
                0x000000ca                __vector_17
                0x000000ca                __vector_19
                0x000000ca                __vector_7
                0x000000ca                __vector_27
                0x000000ca                __vector_5
                0x000000ca                __vector_33
                0x000000ca                __vector_4
                0x000000ca                __vector_9
                0x000000ca                __vector_2
                0x000000ca                __vector_21
                0x000000ca                __vector_15
                0x000000ca                __vector_29
                0x000000ca                __vector_8
                0x000000ca                __vector_26
                0x000000ca                __vector_14
                0x000000ca                __vector_10
                0x000000ca                __vector_16
                0x000000ca                __vector_18
                0x000000ca                __vector_20
 .text          0x000000ce      0xf26 Final_Project.o
                0x000005c6                LCD_Command
                0x00000566                __vector_1
                0x000002b2                Timer2_init
                0x00000208                Dobuzzer
                0x000005ec                LCD_Clear
                0x00000bd8                __vector_12
                0x00000188                KeyScan
                0x000007ec                LCD_Pos
                0x00000e02                clockRow
                0x00000d8c                Rshift
                0x0000085c                Dotempsensor
                0x000005fc                LCD_init
                0x00000c28                decrementTime
                0x000006e6                LCD_OutString
                0x00000b10                hmscheck
                0x0000094e                displaytime
                0x00000806                displaytemp
                0x0000073a                ReadSharp
                0x00000700                LCD_OutChar
                0x00000cda                incrementTime
                0x00000aec                changeAPM
                0x000002bc                calibtemp
                0x000009b2                convertAscii
                0x000000ce                ReadRow
                0x00000fb6                main
                0x00000176                Timer16_init
                0x000004be                DoSevenseg
                0x00000e94                Doclock
                0x000005a4                Keypad_init
                0x00000e42                clockCol
                0x000008d0                KeyDisplay
                0x0000088a                Key_Pos
                0x00000fea                adc_init
                0x000006b8                LCD_Data
                0x0000090a                Dokeypad
                0x00000f6a                SelectFunc
                0x0000070e                ReadStar
                0x0000065c                System_init
                0x00000766                displayASCII
                0x00000bc0                CountClock
                0x000005bc                SevenSeg_init
                0x0000012a                ReadCol
 .text          0x00000ff4        0x0 c:/winavr-20100110/bin/../lib/gcc/avr/4.3.3/avr51\libgcc.a(_udivmodhi4.o)
 .text          0x00000ff4        0x0 c:/winavr-20100110/bin/../lib/gcc/avr/4.3.3/avr51\libgcc.a(_clear_bss.o)
                0x00000ff4                . = ALIGN (0x2)
 *(.text.*)
 .text.libgcc   0x00000ff4       0x28 c:/winavr-20100110/bin/../lib/gcc/avr/4.3.3/avr51\libgcc.a(_udivmodhi4.o)
                0x00000ff4                __udivmodhi4
 .text.libgcc   0x0000101c        0x0 c:/winavr-20100110/bin/../lib/gcc/avr/4.3.3/avr51\libgcc.a(_clear_bss.o)
                0x0000101c                . = ALIGN (0x2)
 *(.fini9)
 *(.fini9)
 *(.fini8)
 *(.fini8)
 *(.fini7)
 *(.fini7)
 *(.fini6)
 *(.fini6)
 *(.fini5)
 *(.fini5)
 *(.fini4)
 *(.fini4)
 *(.fini3)
 *(.fini3)
 *(.fini2)
 *(.fini2)
 *(.fini1)
 *(.fini1)
 *(.fini0)
 *(.fini0)
                0x0000101c                _etext = .

.data           0x00800100       0xce load address 0x0000101c
                0x00800100                PROVIDE (__data_start, .)
 *(.data)
 .data          0x00800100        0x0 c:/winavr-20100110/bin/../lib/gcc/avr/4.3.3/../../../../avr/lib/avr51/crtm128.o
 .data          0x00800100       0xce Final_Project.o
 .data          0x008001ce        0x0 c:/winavr-20100110/bin/../lib/gcc/avr/4.3.3/avr51\libgcc.a(_udivmodhi4.o)
 .data          0x008001ce        0x0 c:/winavr-20100110/bin/../lib/gcc/avr/4.3.3/avr51\libgcc.a(_clear_bss.o)
 *(.data*)
 *(.rodata)
 *(.rodata*)
 *(.gnu.linkonce.d*)
                0x008001ce                . = ALIGN (0x2)
                0x008001ce                _edata = .
                0x008001ce                PROVIDE (__data_end, .)

.bss            0x008001ce       0x89
                0x008001ce                PROVIDE (__bss_start, .)
 *(.bss)
 .bss           0x008001ce        0x0 c:/winavr-20100110/bin/../lib/gcc/avr/4.3.3/../../../../avr/lib/avr51/crtm128.o
 .bss           0x008001ce        0x8 Final_Project.o
                0x008001d4                p
                0x008001ce                flag
                0x008001cf                buff
                0x008001d1                exit
                0x008001d2                cf
                0x008001d0                keycount
 .bss           0x008001d6        0x0 c:/winavr-20100110/bin/../lib/gcc/avr/4.3.3/avr51\libgcc.a(_udivmodhi4.o)
 .bss           0x008001d6        0x0 c:/winavr-20100110/bin/../lib/gcc/avr/4.3.3/avr51\libgcc.a(_clear_bss.o)
 *(.bss*)
 *(COMMON)
 COMMON         0x008001d6       0x81 Final_Project.o
                0x008001d6                TimeArray
                0x00800250                APM
                0x00800251                hour
                0x00800253                min
                0x00800255                sec
                0x00800257                PROVIDE (__bss_end, .)
                0x0000101c                __data_load_start = LOADADDR (.data)
                0x000010ea                __data_load_end = (__data_load_start + SIZEOF (.data))

.noinit         0x00800257        0x0
                0x00800257                PROVIDE (__noinit_start, .)
 *(.noinit*)
                0x00800257                PROVIDE (__noinit_end, .)
                0x00800257                _end = .
                0x00800257                PROVIDE (__heap_start, .)

.eeprom         0x00810000        0x0
 *(.eeprom*)
                0x00810000                __eeprom_end = .

.fuse
 *(.fuse)
 *(.lfuse)
 *(.hfuse)
 *(.efuse)

.lock
 *(.lock*)

.signature
 *(.signature*)

.stab
 *(.stab)

.stabstr
 *(.stabstr)

.stab.excl
 *(.stab.excl)

.stab.exclstr
 *(.stab.exclstr)

.stab.index
 *(.stab.index)

.stab.indexstr
 *(.stab.indexstr)

.comment
 *(.comment)

.debug
 *(.debug)

.line
 *(.line)

.debug_srcinfo
 *(.debug_srcinfo)

.debug_sfnames
 *(.debug_sfnames)

.debug_aranges  0x00000000       0x20
 *(.debug_aranges)
 .debug_aranges
                0x00000000       0x20 Final_Project.o

.debug_pubnames
                0x00000000      0x2d6
 *(.debug_pubnames)
 .debug_pubnames
                0x00000000      0x2d6 Final_Project.o

.debug_info     0x00000000      0xffe
 *(.debug_info)
 .debug_info    0x00000000      0xffe Final_Project.o
 *(.gnu.linkonce.wi.*)

.debug_abbrev   0x00000000      0x2df
 *(.debug_abbrev)
 .debug_abbrev  0x00000000      0x2df Final_Project.o

.debug_line     0x00000000     0x1111
 *(.debug_line)
 .debug_line    0x00000000     0x1111 Final_Project.o

.debug_frame    0x00000000      0x2b0
 *(.debug_frame)
 .debug_frame   0x00000000      0x2b0 Final_Project.o

.debug_str      0x00000000      0x313
 *(.debug_str)
 .debug_str     0x00000000      0x313 Final_Project.o
                                0x351 (size before relaxing)

.debug_loc      0x00000000      0x6c4
 *(.debug_loc)
 .debug_loc     0x00000000      0x6c4 Final_Project.o

.debug_macinfo
 *(.debug_macinfo)
OUTPUT(Final_Project.elf elf32-avr)
LOAD linker stubs

.debug_ranges   0x00000000      0x138
 .debug_ranges  0x00000000      0x138 Final_Project.o
